// Jest Snapshot v1, https://goo.gl/fbAQLP

exports[`SettingsSelect Snapshot 0 should match 1`] = `
ShallowWrapper {
  "length": 1,
  Symbol(enzyme.__root__): [Circular],
  Symbol(enzyme.__unrendered__): <SettingsSelect
    onChange={[Function]}
    options={
      Array [
        "Option 1",
        "Option 2",
        "Option 3",
        "Option 4",
      ]
    }
    selectedIndex={2}
  />,
  Symbol(enzyme.__renderer__): Object {
    "batchedUpdates": [Function],
    "getNode": [Function],
    "render": [Function],
    "simulateEvent": [Function],
    "unmount": [Function],
  },
  Symbol(enzyme.__node__): Object {
    "instance": null,
    "key": undefined,
    "nodeType": "host",
    "props": Object {
      "children": <div
        className={undefined}
      >
        <div
          className={undefined}
        />
        <div
          className={undefined}
        >
          <button
            className={undefined}
            onClick={[Function]}
          >
            Option 3
            <div
              className={undefined}
            >
              <t
                className="SVG-container"
                raw="test-file-stub"
              />
            </div>
          </button>
          <WithStyles(Menu)
            MenuListProps={
              Object {
                "className": undefined,
                "classes": Object {
                  "root": undefined,
                },
                "disablePadding": true,
              }
            }
            PaperProps={
              Object {
                "style": Object {
                  "background": "transparent",
                },
              }
            }
            anchorEl={null}
            anchorOrigin={
              Object {
                "horizontal": "left",
                "vertical": "bottom",
              }
            }
            getContentAnchorEl={null}
            id={undefined}
            marginThreshold={0}
            onBackdropClick={[Function]}
            open={false}
          >
            <li
              className={undefined}
              onClick={[Function]}
              selected={false}
            >
              Option 1
            </li>
            <li
              className={undefined}
              onClick={[Function]}
              selected={false}
            >
              Option 2
            </li>
            <li
              className={undefined}
              onClick={[Function]}
              selected={true}
            >
              Option 3
            </li>
            <li
              className={undefined}
              onClick={[Function]}
              selected={false}
            >
              Option 4
            </li>
          </WithStyles(Menu)>
        </div>
      </div>,
      "className": undefined,
    },
    "ref": null,
    "rendered": Object {
      "instance": null,
      "key": undefined,
      "nodeType": "host",
      "props": Object {
        "children": Array [
          <div
            className={undefined}
          />,
          <div
            className={undefined}
          >
            <button
              className={undefined}
              onClick={[Function]}
            >
              Option 3
              <div
                className={undefined}
              >
                <t
                  className="SVG-container"
                  raw="test-file-stub"
                />
              </div>
            </button>
            <WithStyles(Menu)
              MenuListProps={
                Object {
                  "className": undefined,
                  "classes": Object {
                    "root": undefined,
                  },
                  "disablePadding": true,
                }
              }
              PaperProps={
                Object {
                  "style": Object {
                    "background": "transparent",
                  },
                }
              }
              anchorEl={null}
              anchorOrigin={
                Object {
                  "horizontal": "left",
                  "vertical": "bottom",
                }
              }
              getContentAnchorEl={null}
              id={undefined}
              marginThreshold={0}
              onBackdropClick={[Function]}
              open={false}
            >
              <li
                className={undefined}
                onClick={[Function]}
                selected={false}
              >
                Option 1
              </li>
              <li
                className={undefined}
                onClick={[Function]}
                selected={false}
              >
                Option 2
              </li>
              <li
                className={undefined}
                onClick={[Function]}
                selected={true}
              >
                Option 3
              </li>
              <li
                className={undefined}
                onClick={[Function]}
                selected={false}
              >
                Option 4
              </li>
            </WithStyles(Menu)>
          </div>,
        ],
        "className": undefined,
      },
      "ref": null,
      "rendered": Array [
        Object {
          "instance": null,
          "key": undefined,
          "nodeType": "host",
          "props": Object {
            "children": undefined,
            "className": undefined,
          },
          "ref": null,
          "rendered": null,
          "type": "div",
        },
        Object {
          "instance": null,
          "key": undefined,
          "nodeType": "host",
          "props": Object {
            "children": Array [
              <button
                className={undefined}
                onClick={[Function]}
              >
                Option 3
                <div
                  className={undefined}
                >
                  <t
                    className="SVG-container"
                    raw="test-file-stub"
                  />
                </div>
              </button>,
              <WithStyles(Menu)
                MenuListProps={
                  Object {
                    "className": undefined,
                    "classes": Object {
                      "root": undefined,
                    },
                    "disablePadding": true,
                  }
                }
                PaperProps={
                  Object {
                    "style": Object {
                      "background": "transparent",
                    },
                  }
                }
                anchorEl={null}
                anchorOrigin={
                  Object {
                    "horizontal": "left",
                    "vertical": "bottom",
                  }
                }
                getContentAnchorEl={null}
                id={undefined}
                marginThreshold={0}
                onBackdropClick={[Function]}
                open={false}
              >
                <li
                  className={undefined}
                  onClick={[Function]}
                  selected={false}
                >
                  Option 1
                </li>
                <li
                  className={undefined}
                  onClick={[Function]}
                  selected={false}
                >
                  Option 2
                </li>
                <li
                  className={undefined}
                  onClick={[Function]}
                  selected={true}
                >
                  Option 3
                </li>
                <li
                  className={undefined}
                  onClick={[Function]}
                  selected={false}
                >
                  Option 4
                </li>
              </WithStyles(Menu)>,
            ],
            "className": undefined,
          },
          "ref": null,
          "rendered": Array [
            Object {
              "instance": null,
              "key": undefined,
              "nodeType": "host",
              "props": Object {
                "children": Array [
                  "Option 3",
                  <div
                    className={undefined}
                  >
                    <t
                      className="SVG-container"
                      raw="test-file-stub"
                    />
                  </div>,
                ],
                "className": undefined,
                "onClick": [Function],
              },
              "ref": null,
              "rendered": Array [
                "Option 3",
                Object {
                  "instance": null,
                  "key": undefined,
                  "nodeType": "host",
                  "props": Object {
                    "children": <t
                      className="SVG-container"
                      raw="test-file-stub"
                    />,
                    "className": undefined,
                  },
                  "ref": null,
                  "rendered": Object {
                    "instance": null,
                    "key": undefined,
                    "nodeType": "class",
                    "props": Object {
                      "className": "SVG-container",
                      "raw": "test-file-stub",
                    },
                    "ref": null,
                    "rendered": null,
                    "type": [Function],
                  },
                  "type": "div",
                },
              ],
              "type": "button",
            },
            Object {
              "instance": null,
              "key": undefined,
              "nodeType": "class",
              "props": Object {
                "MenuListProps": Object {
                  "className": undefined,
                  "classes": Object {
                    "root": undefined,
                  },
                  "disablePadding": true,
                },
                "PaperProps": Object {
                  "style": Object {
                    "background": "transparent",
                  },
                },
                "anchorEl": null,
                "anchorOrigin": Object {
                  "horizontal": "left",
                  "vertical": "bottom",
                },
                "children": Array [
                  <li
                    className={undefined}
                    onClick={[Function]}
                    selected={false}
                  >
                    Option 1
                  </li>,
                  <li
                    className={undefined}
                    onClick={[Function]}
                    selected={false}
                  >
                    Option 2
                  </li>,
                  <li
                    className={undefined}
                    onClick={[Function]}
                    selected={true}
                  >
                    Option 3
                  </li>,
                  <li
                    className={undefined}
                    onClick={[Function]}
                    selected={false}
                  >
                    Option 4
                  </li>,
                ],
                "getContentAnchorEl": null,
                "id": undefined,
                "marginThreshold": 0,
                "onBackdropClick": [Function],
                "open": false,
              },
              "ref": null,
              "rendered": Array [
                Object {
                  "instance": null,
                  "key": "0",
                  "nodeType": "host",
                  "props": Object {
                    "children": "Option 1",
                    "className": undefined,
                    "onClick": [Function],
                    "selected": false,
                  },
                  "ref": null,
                  "rendered": "Option 1",
                  "type": "li",
                },
                Object {
                  "instance": null,
                  "key": "1",
                  "nodeType": "host",
                  "props": Object {
                    "children": "Option 2",
                    "className": undefined,
                    "onClick": [Function],
                    "selected": false,
                  },
                  "ref": null,
                  "rendered": "Option 2",
                  "type": "li",
                },
                Object {
                  "instance": null,
                  "key": "2",
                  "nodeType": "host",
                  "props": Object {
                    "children": "Option 3",
                    "className": undefined,
                    "onClick": [Function],
                    "selected": true,
                  },
                  "ref": null,
                  "rendered": "Option 3",
                  "type": "li",
                },
                Object {
                  "instance": null,
                  "key": "3",
                  "nodeType": "host",
                  "props": Object {
                    "children": "Option 4",
                    "className": undefined,
                    "onClick": [Function],
                    "selected": false,
                  },
                  "ref": null,
                  "rendered": "Option 4",
                  "type": "li",
                },
              ],
              "type": [Function],
            },
          ],
          "type": "div",
        },
      ],
      "type": "div",
    },
    "type": "div",
  },
  Symbol(enzyme.__nodes__): Array [
    Object {
      "instance": null,
      "key": undefined,
      "nodeType": "host",
      "props": Object {
        "children": <div
          className={undefined}
        >
          <div
            className={undefined}
          />
          <div
            className={undefined}
          >
            <button
              className={undefined}
              onClick={[Function]}
            >
              Option 3
              <div
                className={undefined}
              >
                <t
                  className="SVG-container"
                  raw="test-file-stub"
                />
              </div>
            </button>
            <WithStyles(Menu)
              MenuListProps={
                Object {
                  "className": undefined,
                  "classes": Object {
                    "root": undefined,
                  },
                  "disablePadding": true,
                }
              }
              PaperProps={
                Object {
                  "style": Object {
                    "background": "transparent",
                  },
                }
              }
              anchorEl={null}
              anchorOrigin={
                Object {
                  "horizontal": "left",
                  "vertical": "bottom",
                }
              }
              getContentAnchorEl={null}
              id={undefined}
              marginThreshold={0}
              onBackdropClick={[Function]}
              open={false}
            >
              <li
                className={undefined}
                onClick={[Function]}
                selected={false}
              >
                Option 1
              </li>
              <li
                className={undefined}
                onClick={[Function]}
                selected={false}
              >
                Option 2
              </li>
              <li
                className={undefined}
                onClick={[Function]}
                selected={true}
              >
                Option 3
              </li>
              <li
                className={undefined}
                onClick={[Function]}
                selected={false}
              >
                Option 4
              </li>
            </WithStyles(Menu)>
          </div>
        </div>,
        "className": undefined,
      },
      "ref": null,
      "rendered": Object {
        "instance": null,
        "key": undefined,
        "nodeType": "host",
        "props": Object {
          "children": Array [
            <div
              className={undefined}
            />,
            <div
              className={undefined}
            >
              <button
                className={undefined}
                onClick={[Function]}
              >
                Option 3
                <div
                  className={undefined}
                >
                  <t
                    className="SVG-container"
                    raw="test-file-stub"
                  />
                </div>
              </button>
              <WithStyles(Menu)
                MenuListProps={
                  Object {
                    "className": undefined,
                    "classes": Object {
                      "root": undefined,
                    },
                    "disablePadding": true,
                  }
                }
                PaperProps={
                  Object {
                    "style": Object {
                      "background": "transparent",
                    },
                  }
                }
                anchorEl={null}
                anchorOrigin={
                  Object {
                    "horizontal": "left",
                    "vertical": "bottom",
                  }
                }
                getContentAnchorEl={null}
                id={undefined}
                marginThreshold={0}
                onBackdropClick={[Function]}
                open={false}
              >
                <li
                  className={undefined}
                  onClick={[Function]}
                  selected={false}
                >
                  Option 1
                </li>
                <li
                  className={undefined}
                  onClick={[Function]}
                  selected={false}
                >
                  Option 2
                </li>
                <li
                  className={undefined}
                  onClick={[Function]}
                  selected={true}
                >
                  Option 3
                </li>
                <li
                  className={undefined}
                  onClick={[Function]}
                  selected={false}
                >
                  Option 4
                </li>
              </WithStyles(Menu)>
            </div>,
          ],
          "className": undefined,
        },
        "ref": null,
        "rendered": Array [
          Object {
            "instance": null,
            "key": undefined,
            "nodeType": "host",
            "props": Object {
              "children": undefined,
              "className": undefined,
            },
            "ref": null,
            "rendered": null,
            "type": "div",
          },
          Object {
            "instance": null,
            "key": undefined,
            "nodeType": "host",
            "props": Object {
              "children": Array [
                <button
                  className={undefined}
                  onClick={[Function]}
                >
                  Option 3
                  <div
                    className={undefined}
                  >
                    <t
                      className="SVG-container"
                      raw="test-file-stub"
                    />
                  </div>
                </button>,
                <WithStyles(Menu)
                  MenuListProps={
                    Object {
                      "className": undefined,
                      "classes": Object {
                        "root": undefined,
                      },
                      "disablePadding": true,
                    }
                  }
                  PaperProps={
                    Object {
                      "style": Object {
                        "background": "transparent",
                      },
                    }
                  }
                  anchorEl={null}
                  anchorOrigin={
                    Object {
                      "horizontal": "left",
                      "vertical": "bottom",
                    }
                  }
                  getContentAnchorEl={null}
                  id={undefined}
                  marginThreshold={0}
                  onBackdropClick={[Function]}
                  open={false}
                >
                  <li
                    className={undefined}
                    onClick={[Function]}
                    selected={false}
                  >
                    Option 1
                  </li>
                  <li
                    className={undefined}
                    onClick={[Function]}
                    selected={false}
                  >
                    Option 2
                  </li>
                  <li
                    className={undefined}
                    onClick={[Function]}
                    selected={true}
                  >
                    Option 3
                  </li>
                  <li
                    className={undefined}
                    onClick={[Function]}
                    selected={false}
                  >
                    Option 4
                  </li>
                </WithStyles(Menu)>,
              ],
              "className": undefined,
            },
            "ref": null,
            "rendered": Array [
              Object {
                "instance": null,
                "key": undefined,
                "nodeType": "host",
                "props": Object {
                  "children": Array [
                    "Option 3",
                    <div
                      className={undefined}
                    >
                      <t
                        className="SVG-container"
                        raw="test-file-stub"
                      />
                    </div>,
                  ],
                  "className": undefined,
                  "onClick": [Function],
                },
                "ref": null,
                "rendered": Array [
                  "Option 3",
                  Object {
                    "instance": null,
                    "key": undefined,
                    "nodeType": "host",
                    "props": Object {
                      "children": <t
                        className="SVG-container"
                        raw="test-file-stub"
                      />,
                      "className": undefined,
                    },
                    "ref": null,
                    "rendered": Object {
                      "instance": null,
                      "key": undefined,
                      "nodeType": "class",
                      "props": Object {
                        "className": "SVG-container",
                        "raw": "test-file-stub",
                      },
                      "ref": null,
                      "rendered": null,
                      "type": [Function],
                    },
                    "type": "div",
                  },
                ],
                "type": "button",
              },
              Object {
                "instance": null,
                "key": undefined,
                "nodeType": "class",
                "props": Object {
                  "MenuListProps": Object {
                    "className": undefined,
                    "classes": Object {
                      "root": undefined,
                    },
                    "disablePadding": true,
                  },
                  "PaperProps": Object {
                    "style": Object {
                      "background": "transparent",
                    },
                  },
                  "anchorEl": null,
                  "anchorOrigin": Object {
                    "horizontal": "left",
                    "vertical": "bottom",
                  },
                  "children": Array [
                    <li
                      className={undefined}
                      onClick={[Function]}
                      selected={false}
                    >
                      Option 1
                    </li>,
                    <li
                      className={undefined}
                      onClick={[Function]}
                      selected={false}
                    >
                      Option 2
                    </li>,
                    <li
                      className={undefined}
                      onClick={[Function]}
                      selected={true}
                    >
                      Option 3
                    </li>,
                    <li
                      className={undefined}
                      onClick={[Function]}
                      selected={false}
                    >
                      Option 4
                    </li>,
                  ],
                  "getContentAnchorEl": null,
                  "id": undefined,
                  "marginThreshold": 0,
                  "onBackdropClick": [Function],
                  "open": false,
                },
                "ref": null,
                "rendered": Array [
                  Object {
                    "instance": null,
                    "key": "0",
                    "nodeType": "host",
                    "props": Object {
                      "children": "Option 1",
                      "className": undefined,
                      "onClick": [Function],
                      "selected": false,
                    },
                    "ref": null,
                    "rendered": "Option 1",
                    "type": "li",
                  },
                  Object {
                    "instance": null,
                    "key": "1",
                    "nodeType": "host",
                    "props": Object {
                      "children": "Option 2",
                      "className": undefined,
                      "onClick": [Function],
                      "selected": false,
                    },
                    "ref": null,
                    "rendered": "Option 2",
                    "type": "li",
                  },
                  Object {
                    "instance": null,
                    "key": "2",
                    "nodeType": "host",
                    "props": Object {
                      "children": "Option 3",
                      "className": undefined,
                      "onClick": [Function],
                      "selected": true,
                    },
                    "ref": null,
                    "rendered": "Option 3",
                    "type": "li",
                  },
                  Object {
                    "instance": null,
                    "key": "3",
                    "nodeType": "host",
                    "props": Object {
                      "children": "Option 4",
                      "className": undefined,
                      "onClick": [Function],
                      "selected": false,
                    },
                    "ref": null,
                    "rendered": "Option 4",
                    "type": "li",
                  },
                ],
                "type": [Function],
              },
            ],
            "type": "div",
          },
        ],
        "type": "div",
      },
      "type": "div",
    },
  ],
  Symbol(enzyme.__options__): Object {
    "adapter": ReactSixteenAdapter {
      "options": Object {
        "enableComponentDidUpdateOnSetState": true,
      },
    },
  },
}
`;
