// Jest Snapshot v1, https://goo.gl/fbAQLP

exports[`SettingsSelect Snapshot 0 should match 1`] = `undefined`;
